------------------------------------------------------------
Timing Analyzer Summary
------------------------------------------------------------

Type  : Slow 1200mV 85C Model Setup 'clock'
Slack : -4.933
TNS   : -353.758

Type  : Slow 1200mV 85C Model Setup 'top:inst1|debounce:key1|alt'
Slack : -0.199
TNS   : -0.199

Type  : Slow 1200mV 85C Model Setup 'top:inst1|debounce:key2|alt'
Slack : -0.199
TNS   : -0.199

Type  : Slow 1200mV 85C Model Setup 'top:inst1|debounce:key0|alt'
Slack : -0.001
TNS   : -0.001

Type  : Slow 1200mV 85C Model Setup 'top:inst1|debounce:key3|alt'
Slack : 0.031
TNS   : 0.000

Type  : Slow 1200mV 85C Model Hold 'clock'
Slack : 0.434
TNS   : 0.000

Type  : Slow 1200mV 85C Model Hold 'top:inst1|debounce:key3|alt'
Slack : 0.508
TNS   : 0.000

Type  : Slow 1200mV 85C Model Hold 'top:inst1|debounce:key0|alt'
Slack : 0.535
TNS   : 0.000

Type  : Slow 1200mV 85C Model Hold 'top:inst1|debounce:key1|alt'
Slack : 0.725
TNS   : 0.000

Type  : Slow 1200mV 85C Model Hold 'top:inst1|debounce:key2|alt'
Slack : 0.727
TNS   : 0.000

Type  : Slow 1200mV 85C Model Minimum Pulse Width 'clock'
Slack : -3.000
TNS   : -144.265

Type  : Slow 1200mV 85C Model Minimum Pulse Width 'top:inst1|debounce:key0|alt'
Slack : -1.487
TNS   : -2.974

Type  : Slow 1200mV 85C Model Minimum Pulse Width 'top:inst1|debounce:key1|alt'
Slack : -1.487
TNS   : -2.974

Type  : Slow 1200mV 85C Model Minimum Pulse Width 'top:inst1|debounce:key2|alt'
Slack : -1.487
TNS   : -2.974

Type  : Slow 1200mV 85C Model Minimum Pulse Width 'top:inst1|debounce:key3|alt'
Slack : -1.487
TNS   : -2.974

Type  : Slow 1200mV 0C Model Setup 'clock'
Slack : -4.531
TNS   : -320.003

Type  : Slow 1200mV 0C Model Setup 'top:inst1|debounce:key1|alt'
Slack : -0.098
TNS   : -0.098

Type  : Slow 1200mV 0C Model Setup 'top:inst1|debounce:key2|alt'
Slack : -0.098
TNS   : -0.098

Type  : Slow 1200mV 0C Model Setup 'top:inst1|debounce:key0|alt'
Slack : 0.100
TNS   : 0.000

Type  : Slow 1200mV 0C Model Setup 'top:inst1|debounce:key3|alt'
Slack : 0.127
TNS   : 0.000

Type  : Slow 1200mV 0C Model Hold 'clock'
Slack : 0.383
TNS   : 0.000

Type  : Slow 1200mV 0C Model Hold 'top:inst1|debounce:key3|alt'
Slack : 0.476
TNS   : 0.000

Type  : Slow 1200mV 0C Model Hold 'top:inst1|debounce:key0|alt'
Slack : 0.500
TNS   : 0.000

Type  : Slow 1200mV 0C Model Hold 'top:inst1|debounce:key1|alt'
Slack : 0.668
TNS   : 0.000

Type  : Slow 1200mV 0C Model Hold 'top:inst1|debounce:key2|alt'
Slack : 0.670
TNS   : 0.000

Type  : Slow 1200mV 0C Model Minimum Pulse Width 'clock'
Slack : -3.000
TNS   : -144.265

Type  : Slow 1200mV 0C Model Minimum Pulse Width 'top:inst1|debounce:key0|alt'
Slack : -1.487
TNS   : -2.974

Type  : Slow 1200mV 0C Model Minimum Pulse Width 'top:inst1|debounce:key1|alt'
Slack : -1.487
TNS   : -2.974

Type  : Slow 1200mV 0C Model Minimum Pulse Width 'top:inst1|debounce:key2|alt'
Slack : -1.487
TNS   : -2.974

Type  : Slow 1200mV 0C Model Minimum Pulse Width 'top:inst1|debounce:key3|alt'
Slack : -1.487
TNS   : -2.974

Type  : Fast 1200mV 0C Model Setup 'clock'
Slack : -1.423
TNS   : -93.531

Type  : Fast 1200mV 0C Model Setup 'top:inst1|debounce:key2|alt'
Slack : 0.497
TNS   : 0.000

Type  : Fast 1200mV 0C Model Setup 'top:inst1|debounce:key1|alt'
Slack : 0.498
TNS   : 0.000

Type  : Fast 1200mV 0C Model Setup 'top:inst1|debounce:key0|alt'
Slack : 0.560
TNS   : 0.000

Type  : Fast 1200mV 0C Model Setup 'top:inst1|debounce:key3|alt'
Slack : 0.572
TNS   : 0.000

Type  : Fast 1200mV 0C Model Hold 'clock'
Slack : 0.179
TNS   : 0.000

Type  : Fast 1200mV 0C Model Hold 'top:inst1|debounce:key3|alt'
Slack : 0.196
TNS   : 0.000

Type  : Fast 1200mV 0C Model Hold 'top:inst1|debounce:key0|alt'
Slack : 0.210
TNS   : 0.000

Type  : Fast 1200mV 0C Model Hold 'top:inst1|debounce:key1|alt'
Slack : 0.279
TNS   : 0.000

Type  : Fast 1200mV 0C Model Hold 'top:inst1|debounce:key2|alt'
Slack : 0.280
TNS   : 0.000

Type  : Fast 1200mV 0C Model Minimum Pulse Width 'clock'
Slack : -3.000
TNS   : -104.567

Type  : Fast 1200mV 0C Model Minimum Pulse Width 'top:inst1|debounce:key0|alt'
Slack : -1.000
TNS   : -2.000

Type  : Fast 1200mV 0C Model Minimum Pulse Width 'top:inst1|debounce:key1|alt'
Slack : -1.000
TNS   : -2.000

Type  : Fast 1200mV 0C Model Minimum Pulse Width 'top:inst1|debounce:key2|alt'
Slack : -1.000
TNS   : -2.000

Type  : Fast 1200mV 0C Model Minimum Pulse Width 'top:inst1|debounce:key3|alt'
Slack : -1.000
TNS   : -2.000

------------------------------------------------------------
