Analysis & Synthesis report for genius_game
Wed May 13 17:13:46 2026
Quartus Prime Version 20.1.0 Build 711 06/05/2020 SJ Lite Edition


---------------------
; Table of Contents ;
---------------------
  1. Legal Notice
  2. Analysis & Synthesis Summary
  3. Analysis & Synthesis Settings
  4. Parallel Compilation
  5. Analysis & Synthesis Source Files Read
  6. Analysis & Synthesis Resource Usage Summary
  7. Analysis & Synthesis Resource Utilization by Entity
  8. Analysis & Synthesis RAM Summary
  9. State Machine - |top|FSM:game_fsm|fsm_states
 10. Registers Removed During Synthesis
 11. General Register Statistics
 12. Source assignments for FSM:game_fsm|lpm_ram_dq:ram|altram:sram|altsyncram:ram_block|altsyncram_6n71:auto_generated
 13. Parameter Settings for User Entity Instance: FSM:game_fsm
 14. Parameter Settings for User Entity Instance: FSM:game_fsm|lpm_ram_dq:ram
 15. Post-Synthesis Netlist Statistics for Top Partition
 16. Elapsed Time Per Partition
 17. Analysis & Synthesis Messages



----------------
; Legal Notice ;
----------------
Copyright (C) 2020  Intel Corporation. All rights reserved.
Your use of Intel Corporation's design tools, logic functions 
and other software and tools, and any partner logic 
functions, and any output files from any of the foregoing 
(including device programming or simulation files), and any 
associated documentation or information are expressly subject 
to the terms and conditions of the Intel Program License 
Subscription Agreement, the Intel Quartus Prime License Agreement,
the Intel FPGA IP License Agreement, or other applicable license
agreement, including, without limitation, that your use is for
the sole purpose of programming logic devices manufactured by
Intel and sold by Intel or its authorized distributors.  Please
refer to the applicable agreement for further details, at
https://fpgasoftware.intel.com/eula.



+----------------------------------------------------------------------------------+
; Analysis & Synthesis Summary                                                     ;
+------------------------------------+---------------------------------------------+
; Analysis & Synthesis Status        ; Successful - Wed May 13 17:13:46 2026       ;
; Quartus Prime Version              ; 20.1.0 Build 711 06/05/2020 SJ Lite Edition ;
; Revision Name                      ; genius_game                                 ;
; Top-level Entity Name              ; top                                         ;
; Family                             ; Cyclone IV E                                ;
; Total logic elements               ; 418                                         ;
;     Total combinational functions  ; 413                                         ;
;     Dedicated logic registers      ; 240                                         ;
; Total registers                    ; 240                                         ;
; Total pins                         ; 23                                          ;
; Total virtual pins                 ; 0                                           ;
; Total memory bits                  ; 40                                          ;
; Embedded Multiplier 9-bit elements ; 0                                           ;
; Total PLLs                         ; 0                                           ;
+------------------------------------+---------------------------------------------+


+------------------------------------------------------------------------------------------------------------+
; Analysis & Synthesis Settings                                                                              ;
+------------------------------------------------------------------+--------------------+--------------------+
; Option                                                           ; Setting            ; Default Value      ;
+------------------------------------------------------------------+--------------------+--------------------+
; Device                                                           ; EP4CE6E22C8        ;                    ;
; Top-level entity name                                            ; top                ; genius_game        ;
; Family name                                                      ; Cyclone IV E       ; Cyclone V          ;
; Use smart compilation                                            ; Off                ; Off                ;
; Enable parallel Assembler and Timing Analyzer during compilation ; On                 ; On                 ;
; Enable compact report table                                      ; Off                ; Off                ;
; Restructure Multiplexers                                         ; Auto               ; Auto               ;
; Create Debugging Nodes for IP Cores                              ; Off                ; Off                ;
; Preserve fewer node names                                        ; On                 ; On                 ;
; Intel FPGA IP Evaluation Mode                                    ; Enable             ; Enable             ;
; Verilog Version                                                  ; Verilog_2001       ; Verilog_2001       ;
; VHDL Version                                                     ; VHDL_1993          ; VHDL_1993          ;
; State Machine Processing                                         ; Auto               ; Auto               ;
; Safe State Machine                                               ; Off                ; Off                ;
; Extract Verilog State Machines                                   ; On                 ; On                 ;
; Extract VHDL State Machines                                      ; On                 ; On                 ;
; Ignore Verilog initial constructs                                ; Off                ; Off                ;
; Iteration limit for constant Verilog loops                       ; 5000               ; 5000               ;
; Iteration limit for non-constant Verilog loops                   ; 250                ; 250                ;
; Add Pass-Through Logic to Inferred RAMs                          ; On                 ; On                 ;
; Infer RAMs from Raw Logic                                        ; On                 ; On                 ;
; Parallel Synthesis                                               ; On                 ; On                 ;
; DSP Block Balancing                                              ; Auto               ; Auto               ;
; NOT Gate Push-Back                                               ; On                 ; On                 ;
; Power-Up Don't Care                                              ; On                 ; On                 ;
; Remove Redundant Logic Cells                                     ; Off                ; Off                ;
; Remove Duplicate Registers                                       ; On                 ; On                 ;
; Ignore CARRY Buffers                                             ; Off                ; Off                ;
; Ignore CASCADE Buffers                                           ; Off                ; Off                ;
; Ignore GLOBAL Buffers                                            ; Off                ; Off                ;
; Ignore ROW GLOBAL Buffers                                        ; Off                ; Off                ;
; Ignore LCELL Buffers                                             ; Off                ; Off                ;
; Ignore SOFT Buffers                                              ; On                 ; On                 ;
; Limit AHDL Integers to 32 Bits                                   ; Off                ; Off                ;
; Optimization Technique                                           ; Balanced           ; Balanced           ;
; Carry Chain Length                                               ; 70                 ; 70                 ;
; Auto Carry Chains                                                ; On                 ; On                 ;
; Auto Open-Drain Pins                                             ; On                 ; On                 ;
; Perform WYSIWYG Primitive Resynthesis                            ; Off                ; Off                ;
; Auto ROM Replacement                                             ; On                 ; On                 ;
; Auto RAM Replacement                                             ; On                 ; On                 ;
; Auto DSP Block Replacement                                       ; On                 ; On                 ;
; Auto Shift Register Replacement                                  ; Auto               ; Auto               ;
; Allow Shift Register Merging across Hierarchies                  ; Auto               ; Auto               ;
; Auto Clock Enable Replacement                                    ; On                 ; On                 ;
; Strict RAM Replacement                                           ; Off                ; Off                ;
; Allow Synchronous Control Signals                                ; On                 ; On                 ;
; Force Use of Synchronous Clear Signals                           ; Off                ; Off                ;
; Auto RAM Block Balancing                                         ; On                 ; On                 ;
; Auto RAM to Logic Cell Conversion                                ; Off                ; Off                ;
; Auto Resource Sharing                                            ; Off                ; Off                ;
; Allow Any RAM Size For Recognition                               ; Off                ; Off                ;
; Allow Any ROM Size For Recognition                               ; Off                ; Off                ;
; Allow Any Shift Register Size For Recognition                    ; Off                ; Off                ;
; Use LogicLock Constraints during Resource Balancing              ; On                 ; On                 ;
; Ignore translate_off and synthesis_off directives                ; Off                ; Off                ;
; Timing-Driven Synthesis                                          ; On                 ; On                 ;
; Report Parameter Settings                                        ; On                 ; On                 ;
; Report Source Assignments                                        ; On                 ; On                 ;
; Report Connectivity Checks                                       ; On                 ; On                 ;
; Ignore Maximum Fan-Out Assignments                               ; Off                ; Off                ;
; Synchronization Register Chain Length                            ; 2                  ; 2                  ;
; Power Optimization During Synthesis                              ; Normal compilation ; Normal compilation ;
; HDL message level                                                ; Level2             ; Level2             ;
; Suppress Register Optimization Related Messages                  ; Off                ; Off                ;
; Number of Removed Registers Reported in Synthesis Report         ; 5000               ; 5000               ;
; Number of Swept Nodes Reported in Synthesis Report               ; 5000               ; 5000               ;
; Number of Inverted Registers Reported in Synthesis Report        ; 100                ; 100                ;
; Clock MUX Protection                                             ; On                 ; On                 ;
; Auto Gated Clock Conversion                                      ; Off                ; Off                ;
; Block Design Naming                                              ; Auto               ; Auto               ;
; SDC constraint protection                                        ; Off                ; Off                ;
; Synthesis Effort                                                 ; Auto               ; Auto               ;
; Shift Register Replacement - Allow Asynchronous Clear Signal     ; On                 ; On                 ;
; Pre-Mapping Resynthesis Optimization                             ; Off                ; Off                ;
; Analysis & Synthesis Message Level                               ; Medium             ; Medium             ;
; Disable Register Merging Across Hierarchies                      ; Auto               ; Auto               ;
; Resource Aware Inference For Block RAM                           ; On                 ; On                 ;
+------------------------------------------------------------------+--------------------+--------------------+


+------------------------------------------+
; Parallel Compilation                     ;
+----------------------------+-------------+
; Processors                 ; Number      ;
+----------------------------+-------------+
; Number detected on machine ; 32          ;
; Maximum allowed            ; 16          ;
;                            ;             ;
; Average used               ; 1.00        ;
; Maximum used               ; 16          ;
;                            ;             ;
; Usage by Processor         ; % Time Used ;
;     Processor 1            ; 100.0%      ;
;     Processor 2            ;   0.0%      ;
;     Processors 3-16        ;   0.0%      ;
+----------------------------+-------------+


+-------------------------------------------------------------------------------------------------------------------------------------------------------------------------------------+
; Analysis & Synthesis Source Files Read                                                                                                                                              ;
+----------------------------------+-----------------+------------------------------+---------------------------------------------------------------------------------------+---------+
; File Name with User-Entered Path ; Used in Netlist ; File Type                    ; File Name with Absolute Path                                                          ; Library ;
+----------------------------------+-----------------+------------------------------+---------------------------------------------------------------------------------------+---------+
; src/SevenSeg/sevenseg.tdf        ; yes             ; User AHDL File               ; /home/lacri/Downloads/Genius-Game-feat-colors/src/SevenSeg/sevenseg.tdf               ;         ;
; src/FSM/FSM.tdf                  ; yes             ; User AHDL File               ; /home/lacri/Downloads/Genius-Game-feat-colors/src/FSM/FSM.tdf                         ;         ;
; src/Debounce/debounce.tdf        ; yes             ; User AHDL File               ; /home/lacri/Downloads/Genius-Game-feat-colors/src/Debounce/debounce.tdf               ;         ;
; src/top.tdf                      ; yes             ; User AHDL File               ; /home/lacri/Downloads/Genius-Game-feat-colors/src/top.tdf                             ;         ;
; src/PRNG/prng.tdf                ; yes             ; User AHDL File               ; /home/lacri/Downloads/Genius-Game-feat-colors/src/PRNG/prng.tdf                       ;         ;
; src/Buzzer/beep.tdf              ; yes             ; User AHDL File               ; /home/lacri/Downloads/Genius-Game-feat-colors/src/Buzzer/beep.tdf                     ;         ;
; lpm_ram_dq.inc                   ; yes             ; Auto-Found AHDL File         ; /home/lacri/intelFPGA_lite/20.1/quartus/libraries/megafunctions/lpm_ram_dq.inc        ;         ;
; src/Debounce/debounce.inc        ; yes             ; Auto-Found AHDL File         ; /home/lacri/Downloads/Genius-Game-feat-colors/src/Debounce/debounce.inc               ;         ;
; src/Buzzer/beep.inc              ; yes             ; Auto-Found AHDL File         ; /home/lacri/Downloads/Genius-Game-feat-colors/src/Buzzer/beep.inc                     ;         ;
; src/PRNG/PRNG.inc                ; yes             ; Auto-Found AHDL File         ; /home/lacri/Downloads/Genius-Game-feat-colors/src/PRNG/PRNG.inc                       ;         ;
; src/FSM/FSM.inc                  ; yes             ; Auto-Found AHDL File         ; /home/lacri/Downloads/Genius-Game-feat-colors/src/FSM/FSM.inc                         ;         ;
; src/SevenSeg/sevenseg.inc        ; yes             ; Auto-Found AHDL File         ; /home/lacri/Downloads/Genius-Game-feat-colors/src/SevenSeg/sevenseg.inc               ;         ;
; lpm_ram_dq.tdf                   ; yes             ; Megafunction                 ; /home/lacri/intelFPGA_lite/20.1/quartus/libraries/megafunctions/lpm_ram_dq.tdf        ;         ;
; altram.inc                       ; yes             ; Megafunction                 ; /home/lacri/intelFPGA_lite/20.1/quartus/libraries/megafunctions/altram.inc            ;         ;
; lpm_mux.inc                      ; yes             ; Megafunction                 ; /home/lacri/intelFPGA_lite/20.1/quartus/libraries/megafunctions/lpm_mux.inc           ;         ;
; lpm_decode.inc                   ; yes             ; Megafunction                 ; /home/lacri/intelFPGA_lite/20.1/quartus/libraries/megafunctions/lpm_decode.inc        ;         ;
; aglobal201.inc                   ; yes             ; Megafunction                 ; /home/lacri/intelFPGA_lite/20.1/quartus/libraries/megafunctions/aglobal201.inc        ;         ;
; altram.tdf                       ; yes             ; Megafunction                 ; /home/lacri/intelFPGA_lite/20.1/quartus/libraries/megafunctions/altram.tdf            ;         ;
; memmodes.inc                     ; yes             ; Megafunction                 ; /home/lacri/intelFPGA_lite/20.1/quartus/libraries/others/maxplus2/memmodes.inc        ;         ;
; altsyncram.inc                   ; yes             ; Megafunction                 ; /home/lacri/intelFPGA_lite/20.1/quartus/libraries/megafunctions/altsyncram.inc        ;         ;
; altsyncram.tdf                   ; yes             ; Megafunction                 ; /home/lacri/intelFPGA_lite/20.1/quartus/libraries/megafunctions/altsyncram.tdf        ;         ;
; stratix_ram_block.inc            ; yes             ; Megafunction                 ; /home/lacri/intelFPGA_lite/20.1/quartus/libraries/megafunctions/stratix_ram_block.inc ;         ;
; a_rdenreg.inc                    ; yes             ; Megafunction                 ; /home/lacri/intelFPGA_lite/20.1/quartus/libraries/megafunctions/a_rdenreg.inc         ;         ;
; altrom.inc                       ; yes             ; Megafunction                 ; /home/lacri/intelFPGA_lite/20.1/quartus/libraries/megafunctions/altrom.inc            ;         ;
; altdpram.inc                     ; yes             ; Megafunction                 ; /home/lacri/intelFPGA_lite/20.1/quartus/libraries/megafunctions/altdpram.inc          ;         ;
; db/altsyncram_6n71.tdf           ; yes             ; Auto-Generated Megafunction  ; /home/lacri/Downloads/Genius-Game-feat-colors/db/altsyncram_6n71.tdf                  ;         ;
+----------------------------------+-----------------+------------------------------+---------------------------------------------------------------------------------------+---------+


+-----------------------------------------------------------+
; Analysis & Synthesis Resource Usage Summary               ;
+---------------------------------------------+-------------+
; Resource                                    ; Usage       ;
+---------------------------------------------+-------------+
; Estimated Total logic elements              ; 418         ;
;                                             ;             ;
; Total combinational functions               ; 413         ;
; Logic element usage by number of LUT inputs ;             ;
;     -- 4 input functions                    ; 141         ;
;     -- 3 input functions                    ; 70          ;
;     -- <=2 input functions                  ; 202         ;
;                                             ;             ;
; Logic elements by mode                      ;             ;
;     -- normal mode                          ; 250         ;
;     -- arithmetic mode                      ; 163         ;
;                                             ;             ;
; Total registers                             ; 240         ;
;     -- Dedicated logic registers            ; 240         ;
;     -- I/O registers                        ; 0           ;
;                                             ;             ;
; I/O pins                                    ; 23          ;
; Total memory bits                           ; 40          ;
;                                             ;             ;
; Embedded Multiplier 9-bit elements          ; 0           ;
;                                             ;             ;
; Maximum fan-out node                        ; clock~input ;
; Maximum fan-out                             ; 234         ;
; Total fan-out                               ; 1935        ;
; Average fan-out                             ; 2.76        ;
+---------------------------------------------+-------------+


+----------------------------------------------------------------------------------------------------------------------------------------------------------------------------------------------------------------------------------------------------------------------------------------------------------------+
; Analysis & Synthesis Resource Utilization by Entity                                                                                                                                                                                                                                                            ;
+-------------------------------------------------+---------------------+---------------------------+-------------+--------------+---------+-----------+------+--------------+--------------------------------------------------------------------------------------------------+-----------------+--------------+
; Compilation Hierarchy Node                      ; Combinational ALUTs ; Dedicated Logic Registers ; Memory Bits ; DSP Elements ; DSP 9x9 ; DSP 18x18 ; Pins ; Virtual Pins ; Full Hierarchy Name                                                                              ; Entity Name     ; Library Name ;
+-------------------------------------------------+---------------------+---------------------------+-------------+--------------+---------+-----------+------+--------------+--------------------------------------------------------------------------------------------------+-----------------+--------------+
; |top                                            ; 413 (0)             ; 240 (0)                   ; 40          ; 0            ; 0       ; 0         ; 23   ; 0            ; |top                                                                                             ; top             ; work         ;
;    |FSM:game_fsm|                               ; 183 (183)           ; 64 (64)                   ; 40          ; 0            ; 0       ; 0         ; 0    ; 0            ; |top|FSM:game_fsm                                                                                ; FSM             ; work         ;
;       |lpm_ram_dq:ram|                          ; 0 (0)               ; 0 (0)                     ; 40          ; 0            ; 0       ; 0         ; 0    ; 0            ; |top|FSM:game_fsm|lpm_ram_dq:ram                                                                 ; lpm_ram_dq      ; work         ;
;          |altram:sram|                          ; 0 (0)               ; 0 (0)                     ; 40          ; 0            ; 0       ; 0         ; 0    ; 0            ; |top|FSM:game_fsm|lpm_ram_dq:ram|altram:sram                                                     ; altram          ; work         ;
;             |altsyncram:ram_block|              ; 0 (0)               ; 0 (0)                     ; 40          ; 0            ; 0       ; 0         ; 0    ; 0            ; |top|FSM:game_fsm|lpm_ram_dq:ram|altram:sram|altsyncram:ram_block                                ; altsyncram      ; work         ;
;                |altsyncram_6n71:auto_generated| ; 0 (0)               ; 0 (0)                     ; 40          ; 0            ; 0       ; 0         ; 0    ; 0            ; |top|FSM:game_fsm|lpm_ram_dq:ram|altram:sram|altsyncram:ram_block|altsyncram_6n71:auto_generated ; altsyncram_6n71 ; work         ;
;    |PRNG:rng|                                   ; 20 (20)             ; 21 (21)                   ; 0           ; 0            ; 0       ; 0         ; 0    ; 0            ; |top|PRNG:rng                                                                                    ; PRNG            ; work         ;
;    |beep:b|                                     ; 141 (141)           ; 107 (107)                 ; 0           ; 0            ; 0       ; 0         ; 0    ; 0            ; |top|beep:b                                                                                      ; beep            ; work         ;
;    |debounce:key0|                              ; 27 (27)             ; 23 (23)                   ; 0           ; 0            ; 0       ; 0         ; 0    ; 0            ; |top|debounce:key0                                                                               ; debounce        ; work         ;
;    |debounce:key1|                              ; 2 (2)               ; 3 (3)                     ; 0           ; 0            ; 0       ; 0         ; 0    ; 0            ; |top|debounce:key1                                                                               ; debounce        ; work         ;
;    |debounce:key2|                              ; 2 (2)               ; 3 (3)                     ; 0           ; 0            ; 0       ; 0         ; 0    ; 0            ; |top|debounce:key2                                                                               ; debounce        ; work         ;
;    |debounce:key3|                              ; 2 (2)               ; 3 (3)                     ; 0           ; 0            ; 0       ; 0         ; 0    ; 0            ; |top|debounce:key3                                                                               ; debounce        ; work         ;
;    |sevenseg:display|                           ; 36 (36)             ; 16 (16)                   ; 0           ; 0            ; 0       ; 0         ; 0    ; 0            ; |top|sevenseg:display                                                                            ; sevenseg        ; work         ;
+-------------------------------------------------+---------------------+---------------------------+-------------+--------------+---------+-----------+------+--------------+--------------------------------------------------------------------------------------------------+-----------------+--------------+
Note: For table entries with two numbers listed, the numbers in parentheses indicate the number of resources of the given type used by the specific entity alone. The numbers listed outside of parentheses indicate the total resources of the given type used by the specific entity and all of its sub-entities in the hierarchy.


+-------------------------------------------------------------------------------------------------------------------------------------------------------------------------------------------------------+
; Analysis & Synthesis RAM Summary                                                                                                                                                                      ;
+--------------------------------------------------------------------------------------------------------+------+-------------+--------------+--------------+--------------+--------------+------+------+
; Name                                                                                                   ; Type ; Mode        ; Port A Depth ; Port A Width ; Port B Depth ; Port B Width ; Size ; MIF  ;
+--------------------------------------------------------------------------------------------------------+------+-------------+--------------+--------------+--------------+--------------+------+------+
; FSM:game_fsm|lpm_ram_dq:ram|altram:sram|altsyncram:ram_block|altsyncram_6n71:auto_generated|ALTSYNCRAM ; AUTO ; Single Port ; 20           ; 2            ; --           ; --           ; 40   ; None ;
+--------------------------------------------------------------------------------------------------------+------+-------------+--------------+--------------+--------------+--------------+------+------+


Encoding Type:  One-Hot
+-------------------------------------------------------------------------------------------------------+
; State Machine - |top|FSM:game_fsm|fsm_states                                                          ;
+---------------+-------------+------------+------------+-----------+---------------+------------+------+
; Name          ; PLAYER_LOSE ; PLAYER_WIN ; READ_COLOR ; SET_COLOR ; SHOW_SEQUENCE ; START_GAME ; IDLE ;
+---------------+-------------+------------+------------+-----------+---------------+------------+------+
; IDLE          ; 0           ; 0          ; 0          ; 0         ; 0             ; 0          ; 0    ;
; START_GAME    ; 0           ; 0          ; 0          ; 0         ; 0             ; 1          ; 1    ;
; SHOW_SEQUENCE ; 0           ; 0          ; 0          ; 0         ; 1             ; 0          ; 1    ;
; SET_COLOR     ; 0           ; 0          ; 0          ; 1         ; 0             ; 0          ; 1    ;
; READ_COLOR    ; 0           ; 0          ; 1          ; 0         ; 0             ; 0          ; 1    ;
; PLAYER_WIN    ; 0           ; 1          ; 0          ; 0         ; 0             ; 0          ; 1    ;
; PLAYER_LOSE   ; 1           ; 0          ; 0          ; 0         ; 0             ; 0          ; 1    ;
+---------------+-------------+------------+------------+-----------+---------------+------------+------+


+---------------------------------------------------------------------------------+
; Registers Removed During Synthesis                                              ;
+----------------------------------------+----------------------------------------+
; Register name                          ; Reason for Removal                     ;
+----------------------------------------+----------------------------------------+
; FSM:game_fsm|write_ptr[4]              ; Merged with FSM:game_fsm|game_round[4] ;
; FSM:game_fsm|write_ptr[3]              ; Merged with FSM:game_fsm|game_round[3] ;
; FSM:game_fsm|write_ptr[2]              ; Merged with FSM:game_fsm|game_round[2] ;
; FSM:game_fsm|write_ptr[1]              ; Merged with FSM:game_fsm|game_round[1] ;
; FSM:game_fsm|write_ptr[0]              ; Merged with FSM:game_fsm|game_round[0] ;
; debounce:key1|cnt[19]                  ; Merged with debounce:key0|cnt[19]      ;
; debounce:key2|cnt[19]                  ; Merged with debounce:key0|cnt[19]      ;
; debounce:key3|cnt[19]                  ; Merged with debounce:key0|cnt[19]      ;
; debounce:key1|cnt[18]                  ; Merged with debounce:key0|cnt[18]      ;
; debounce:key2|cnt[18]                  ; Merged with debounce:key0|cnt[18]      ;
; debounce:key3|cnt[18]                  ; Merged with debounce:key0|cnt[18]      ;
; debounce:key1|cnt[17]                  ; Merged with debounce:key0|cnt[17]      ;
; debounce:key2|cnt[17]                  ; Merged with debounce:key0|cnt[17]      ;
; debounce:key3|cnt[17]                  ; Merged with debounce:key0|cnt[17]      ;
; debounce:key1|cnt[16]                  ; Merged with debounce:key0|cnt[16]      ;
; debounce:key2|cnt[16]                  ; Merged with debounce:key0|cnt[16]      ;
; debounce:key3|cnt[16]                  ; Merged with debounce:key0|cnt[16]      ;
; debounce:key1|cnt[15]                  ; Merged with debounce:key0|cnt[15]      ;
; debounce:key2|cnt[15]                  ; Merged with debounce:key0|cnt[15]      ;
; debounce:key3|cnt[15]                  ; Merged with debounce:key0|cnt[15]      ;
; debounce:key1|cnt[14]                  ; Merged with debounce:key0|cnt[14]      ;
; debounce:key2|cnt[14]                  ; Merged with debounce:key0|cnt[14]      ;
; debounce:key3|cnt[14]                  ; Merged with debounce:key0|cnt[14]      ;
; debounce:key1|cnt[13]                  ; Merged with debounce:key0|cnt[13]      ;
; debounce:key2|cnt[13]                  ; Merged with debounce:key0|cnt[13]      ;
; debounce:key3|cnt[13]                  ; Merged with debounce:key0|cnt[13]      ;
; debounce:key1|cnt[12]                  ; Merged with debounce:key0|cnt[12]      ;
; debounce:key2|cnt[12]                  ; Merged with debounce:key0|cnt[12]      ;
; debounce:key3|cnt[12]                  ; Merged with debounce:key0|cnt[12]      ;
; debounce:key1|cnt[11]                  ; Merged with debounce:key0|cnt[11]      ;
; debounce:key2|cnt[11]                  ; Merged with debounce:key0|cnt[11]      ;
; debounce:key3|cnt[11]                  ; Merged with debounce:key0|cnt[11]      ;
; debounce:key1|cnt[10]                  ; Merged with debounce:key0|cnt[10]      ;
; debounce:key2|cnt[10]                  ; Merged with debounce:key0|cnt[10]      ;
; debounce:key3|cnt[10]                  ; Merged with debounce:key0|cnt[10]      ;
; debounce:key1|cnt[9]                   ; Merged with debounce:key0|cnt[9]       ;
; debounce:key2|cnt[9]                   ; Merged with debounce:key0|cnt[9]       ;
; debounce:key3|cnt[9]                   ; Merged with debounce:key0|cnt[9]       ;
; debounce:key1|cnt[8]                   ; Merged with debounce:key0|cnt[8]       ;
; debounce:key2|cnt[8]                   ; Merged with debounce:key0|cnt[8]       ;
; debounce:key3|cnt[8]                   ; Merged with debounce:key0|cnt[8]       ;
; debounce:key1|cnt[7]                   ; Merged with debounce:key0|cnt[7]       ;
; debounce:key2|cnt[7]                   ; Merged with debounce:key0|cnt[7]       ;
; debounce:key3|cnt[7]                   ; Merged with debounce:key0|cnt[7]       ;
; debounce:key1|cnt[6]                   ; Merged with debounce:key0|cnt[6]       ;
; debounce:key2|cnt[6]                   ; Merged with debounce:key0|cnt[6]       ;
; debounce:key3|cnt[6]                   ; Merged with debounce:key0|cnt[6]       ;
; debounce:key1|cnt[5]                   ; Merged with debounce:key0|cnt[5]       ;
; debounce:key2|cnt[5]                   ; Merged with debounce:key0|cnt[5]       ;
; debounce:key3|cnt[5]                   ; Merged with debounce:key0|cnt[5]       ;
; debounce:key1|cnt[4]                   ; Merged with debounce:key0|cnt[4]       ;
; debounce:key2|cnt[4]                   ; Merged with debounce:key0|cnt[4]       ;
; debounce:key3|cnt[4]                   ; Merged with debounce:key0|cnt[4]       ;
; debounce:key1|cnt[3]                   ; Merged with debounce:key0|cnt[3]       ;
; debounce:key2|cnt[3]                   ; Merged with debounce:key0|cnt[3]       ;
; debounce:key3|cnt[3]                   ; Merged with debounce:key0|cnt[3]       ;
; debounce:key1|cnt[2]                   ; Merged with debounce:key0|cnt[2]       ;
; debounce:key2|cnt[2]                   ; Merged with debounce:key0|cnt[2]       ;
; debounce:key3|cnt[2]                   ; Merged with debounce:key0|cnt[2]       ;
; debounce:key1|cnt[1]                   ; Merged with debounce:key0|cnt[1]       ;
; debounce:key2|cnt[1]                   ; Merged with debounce:key0|cnt[1]       ;
; debounce:key3|cnt[1]                   ; Merged with debounce:key0|cnt[1]       ;
; debounce:key1|cnt[0]                   ; Merged with debounce:key0|cnt[0]       ;
; debounce:key2|cnt[0]                   ; Merged with debounce:key0|cnt[0]       ;
; debounce:key3|cnt[0]                   ; Merged with debounce:key0|cnt[0]       ;
; Total Number of Removed Registers = 65 ;                                        ;
+----------------------------------------+----------------------------------------+


+------------------------------------------------------+
; General Register Statistics                          ;
+----------------------------------------------+-------+
; Statistic                                    ; Value ;
+----------------------------------------------+-------+
; Total registers                              ; 240   ;
; Number of registers using Synchronous Clear  ; 150   ;
; Number of registers using Synchronous Load   ; 4     ;
; Number of registers using Asynchronous Clear ; 85    ;
; Number of registers using Asynchronous Load  ; 0     ;
; Number of registers using Clock Enable       ; 4     ;
; Number of registers using Preset             ; 0     ;
+----------------------------------------------+-------+


+--------------------------------------------------------------------------------------------------------------------+
; Source assignments for FSM:game_fsm|lpm_ram_dq:ram|altram:sram|altsyncram:ram_block|altsyncram_6n71:auto_generated ;
+---------------------------------+--------------------+------+------------------------------------------------------+
; Assignment                      ; Value              ; From ; To                                                   ;
+---------------------------------+--------------------+------+------------------------------------------------------+
; OPTIMIZE_POWER_DURING_SYNTHESIS ; NORMAL_COMPILATION ; -    ; -                                                    ;
+---------------------------------+--------------------+------+------------------------------------------------------+


+-----------------------------------------------------------+
; Parameter Settings for User Entity Instance: FSM:game_fsm ;
+----------------+-------+----------------------------------+
; Parameter Name ; Value ; Type                             ;
+----------------+-------+----------------------------------+
; SIZE           ; 5     ; Untyped                          ;
; MAX_ROUNDS     ; 20    ; Untyped                          ;
+----------------+-------+----------------------------------+
Note: In order to hide this table in the UI and the text report file, please set the "Show Parameter Settings in Synthesis Report" option in "Analysis and Synthesis Settings -> More Settings" to "Off".


+--------------------------------------------------------------------------+
; Parameter Settings for User Entity Instance: FSM:game_fsm|lpm_ram_dq:ram ;
+------------------------+--------------+----------------------------------+
; Parameter Name         ; Value        ; Type                             ;
+------------------------+--------------+----------------------------------+
; LPM_WIDTH              ; 2            ; Untyped                          ;
; LPM_WIDTHAD            ; 5            ; Untyped                          ;
; LPM_NUMWORDS           ; 20           ; Untyped                          ;
; LPM_INDATA             ; REGISTERED   ; Untyped                          ;
; LPM_ADDRESS_CONTROL    ; REGISTERED   ; Untyped                          ;
; LPM_OUTDATA            ; UNREGISTERED ; Untyped                          ;
; LPM_FILE               ; UNUSED       ; Untyped                          ;
; USE_EAB                ; ON           ; Untyped                          ;
; DEVICE_FAMILY          ; Cyclone IV E ; Untyped                          ;
; CBXI_PARAMETER         ; NOTHING      ; Untyped                          ;
; AUTO_CARRY_CHAINS      ; ON           ; AUTO_CARRY                       ;
; IGNORE_CARRY_BUFFERS   ; OFF          ; IGNORE_CARRY                     ;
; AUTO_CASCADE_CHAINS    ; ON           ; AUTO_CASCADE                     ;
; IGNORE_CASCADE_BUFFERS ; OFF          ; IGNORE_CASCADE                   ;
+------------------------+--------------+----------------------------------+
Note: In order to hide this table in the UI and the text report file, please set the "Show Parameter Settings in Synthesis Report" option in "Analysis and Synthesis Settings -> More Settings" to "Off".


+-----------------------------------------------------+
; Post-Synthesis Netlist Statistics for Top Partition ;
+-----------------------+-----------------------------+
; Type                  ; Count                       ;
+-----------------------+-----------------------------+
; boundary_port         ; 23                          ;
; cycloneiii_ff         ; 240                         ;
;     CLR               ; 45                          ;
;     CLR SCLR          ; 36                          ;
;     CLR SLD           ; 4                           ;
;     ENA               ; 4                           ;
;     SCLR              ; 114                         ;
;     plain             ; 37                          ;
; cycloneiii_lcell_comb ; 419                         ;
;     arith             ; 163                         ;
;         2 data inputs ; 150                         ;
;         3 data inputs ; 13                          ;
;     normal            ; 256                         ;
;         0 data inputs ; 1                           ;
;         1 data inputs ; 28                          ;
;         2 data inputs ; 29                          ;
;         3 data inputs ; 57                          ;
;         4 data inputs ; 141                         ;
; cycloneiii_ram_block  ; 2                           ;
;                       ;                             ;
; Max LUT depth         ; 8.00                        ;
; Average LUT depth     ; 3.58                        ;
+-----------------------+-----------------------------+


+-------------------------------+
; Elapsed Time Per Partition    ;
+----------------+--------------+
; Partition Name ; Elapsed Time ;
+----------------+--------------+
; Top            ; 00:00:00     ;
+----------------+--------------+


+-------------------------------+
; Analysis & Synthesis Messages ;
+-------------------------------+
Info: *******************************************************************
Info: Running Quartus Prime Analysis & Synthesis
    Info: Version 20.1.0 Build 711 06/05/2020 SJ Lite Edition
    Info: Processing started: Wed May 13 17:13:42 2026
Info: Command: quartus_map --read_settings_files=on --write_settings_files=off genius_game -c genius_game
Warning (18236): Number of processors has not been specified which may cause overloading on shared machines.  Set the global assignment NUM_PARALLEL_PROCESSORS in your QSF to an appropriate value for best performance.
Info (20030): Parallel compilation is enabled and will use 16 of the 24 processors detected
Info (12021): Found 1 design units, including 1 entities, in source file src/SevenSeg/sevenseg.tdf
    Info (12023): Found entity 1: sevenseg File: /home/lacri/Downloads/Genius-Game-feat-colors/src/SevenSeg/sevenseg.tdf Line: 5
Info (12021): Found 1 design units, including 1 entities, in source file src/FSM/FSM.tdf
    Info (12023): Found entity 1: FSM File: /home/lacri/Downloads/Genius-Game-feat-colors/src/FSM/FSM.tdf Line: 14
Warning (287009): Result of LOG2 is not an integer -- rounded result to next whole number File: /home/lacri/Downloads/Genius-Game-feat-colors/src/Debounce/debounce.tdf Line: 8
Info (12021): Found 1 design units, including 1 entities, in source file src/Debounce/debounce.tdf
    Info (12023): Found entity 1: debounce File: /home/lacri/Downloads/Genius-Game-feat-colors/src/Debounce/debounce.tdf Line: 10
Info (12021): Found 1 design units, including 1 entities, in source file src/top.tdf
    Info (12023): Found entity 1: top File: /home/lacri/Downloads/Genius-Game-feat-colors/src/top.tdf Line: 17
Info (12021): Found 1 design units, including 1 entities, in source file src/PRNG/prng.tdf
    Info (12023): Found entity 1: PRNG File: /home/lacri/Downloads/Genius-Game-feat-colors/src/PRNG/prng.tdf Line: 10
Info (12021): Found 1 design units, including 1 entities, in source file src/Buzzer/beep.tdf
    Info (12023): Found entity 1: beep File: /home/lacri/Downloads/Genius-Game-feat-colors/src/Buzzer/beep.tdf Line: 27
Info (12127): Elaborating entity "top" for the top level hierarchy
Info (12128): Elaborating entity "FSM" for hierarchy "FSM:game_fsm" File: /home/lacri/Downloads/Genius-Game-feat-colors/src/top.tdf Line: 31
Info (12128): Elaborating entity "lpm_ram_dq" for hierarchy "FSM:game_fsm|lpm_ram_dq:ram" File: /home/lacri/Downloads/Genius-Game-feat-colors/src/FSM/FSM.tdf Line: 55
Info (12130): Elaborated megafunction instantiation "FSM:game_fsm|lpm_ram_dq:ram" File: /home/lacri/Downloads/Genius-Game-feat-colors/src/FSM/FSM.tdf Line: 55
Info (12133): Instantiated megafunction "FSM:game_fsm|lpm_ram_dq:ram" with the following parameter: File: /home/lacri/Downloads/Genius-Game-feat-colors/src/FSM/FSM.tdf Line: 55
    Info (12134): Parameter "LPM_WIDTH" = "2"
    Info (12134): Parameter "LPM_WIDTHAD" = "5"
    Info (12134): Parameter "LPM_NUMWORDS" = "20"
    Info (12134): Parameter "LPM_INDATA" = "REGISTERED"
    Info (12134): Parameter "LPM_ADDRESS_CONTROL" = "REGISTERED"
    Info (12134): Parameter "LPM_OUTDATA" = "UNREGISTERED"
Info (12128): Elaborating entity "altram" for hierarchy "FSM:game_fsm|lpm_ram_dq:ram|altram:sram" File: /home/lacri/intelFPGA_lite/20.1/quartus/libraries/megafunctions/lpm_ram_dq.tdf Line: 76
Warning (287001): Assertion warning: altram does not support Cyclone IV E device family -- attempting best-case memory conversions, but power-up states and read during write behavior will be different for Cyclone IV E devices File: /home/lacri/intelFPGA_lite/20.1/quartus/libraries/megafunctions/altram.tdf Line: 212
Info (12131): Elaborated megafunction instantiation "FSM:game_fsm|lpm_ram_dq:ram|altram:sram", which is child of megafunction instantiation "FSM:game_fsm|lpm_ram_dq:ram" File: /home/lacri/intelFPGA_lite/20.1/quartus/libraries/megafunctions/lpm_ram_dq.tdf Line: 76
Info (12128): Elaborating entity "altsyncram" for hierarchy "FSM:game_fsm|lpm_ram_dq:ram|altram:sram|altsyncram:ram_block" File: /home/lacri/intelFPGA_lite/20.1/quartus/libraries/megafunctions/altram.tdf Line: 103
Info (12131): Elaborated megafunction instantiation "FSM:game_fsm|lpm_ram_dq:ram|altram:sram|altsyncram:ram_block", which is child of megafunction instantiation "FSM:game_fsm|lpm_ram_dq:ram" File: /home/lacri/intelFPGA_lite/20.1/quartus/libraries/megafunctions/altram.tdf Line: 103
Info (12021): Found 1 design units, including 1 entities, in source file db/altsyncram_6n71.tdf
    Info (12023): Found entity 1: altsyncram_6n71 File: /home/lacri/Downloads/Genius-Game-feat-colors/db/altsyncram_6n71.tdf Line: 28
Info (12128): Elaborating entity "altsyncram_6n71" for hierarchy "FSM:game_fsm|lpm_ram_dq:ram|altram:sram|altsyncram:ram_block|altsyncram_6n71:auto_generated" File: /home/lacri/intelFPGA_lite/20.1/quartus/libraries/megafunctions/altsyncram.tdf Line: 792
Info (12128): Elaborating entity "PRNG" for hierarchy "PRNG:rng" File: /home/lacri/Downloads/Genius-Game-feat-colors/src/top.tdf Line: 32
Info (12128): Elaborating entity "beep" for hierarchy "beep:b" File: /home/lacri/Downloads/Genius-Game-feat-colors/src/top.tdf Line: 33
Info (12128): Elaborating entity "sevenseg" for hierarchy "sevenseg:display" File: /home/lacri/Downloads/Genius-Game-feat-colors/src/top.tdf Line: 34
Info (12128): Elaborating entity "debounce" for hierarchy "debounce:key0" File: /home/lacri/Downloads/Genius-Game-feat-colors/src/top.tdf Line: 35
Warning (13024): Output pins are stuck at VCC or GND
    Warning (13410): Pin "dig[2]" is stuck at VCC File: /home/lacri/Downloads/Genius-Game-feat-colors/src/top.tdf Line: 27
    Warning (13410): Pin "dig[3]" is stuck at VCC File: /home/lacri/Downloads/Genius-Game-feat-colors/src/top.tdf Line: 27
Info (286030): Timing-Driven Synthesis is running
Info (16010): Generating hard_block partition "hard_block:auto_generated_inst"
    Info (16011): Adding 0 node(s), including 0 DDIO, 0 PLL, 0 transceiver and 0 LCELL
Info (21057): Implemented 443 device resources after synthesis - the final resource count might be different
    Info (21058): Implemented 6 input pins
    Info (21059): Implemented 17 output pins
    Info (21061): Implemented 418 logic cells
    Info (21064): Implemented 2 RAM segments
Info: Quartus Prime Analysis & Synthesis was successful. 0 errors, 6 warnings
    Info: Peak virtual memory: 554 megabytes
    Info: Processing ended: Wed May 13 17:13:46 2026
    Info: Elapsed time: 00:00:04
    Info: Total CPU time (on all processors): 00:00:10


